******************************************************************************
              TMS320C55x Linker PC v4.4.0                      
******************************************************************************
>> Linked Wed Feb 22 15:56:23 2012

OUTPUT FILE NAME:   <dpp-qk.out>
ENTRY POINT SYMBOL: "_c_int00"  address: 000181c4


MEMORY CONFIGURATION

         name            origin    length      used     unused   attr    fill
                        (bytes)   (bytes)    (bytes)   (bytes)
----------------------  --------  ---------  --------  --------  ----  --------
  MMR                   00000000   000000c0  00000000  000000c0  RW  
  DARAM                 000000c0   0000ff40  00000100  0000fe40  RW  
  SARAM                 00010000   0003e000  00009be8  00034418  RW  
  EMIF_CS0              00050000   007b0000  00000000  007b0000  RW  
  EMIF_CS2              00800000   00400000  00000000  00400000  RW  
  EMIF_CS3              00c00000   00200000  00000000  00200000  RW  
  EMIF_CS4              00e00000   00100000  00000000  00100000  RW  
  EMIF_CS5              00f00000   000e0000  00000000  000e0000  RW  


SECTION ALLOCATION MAP
(Addresses surrounded by []'s are displayed for convenience only!)

output                                                          attributes/
section   page  orgn(bytes) orgn(words) len(bytes) len(words)   input sections
--------  ----  ----------- ----------- ---------- ----------   --------------
.pinit       0   [ 00010000 ]  00008000          *   00000000   UNINITIALIZED

vectors      0     00000100  [ 00000080 ] 00000100          *   NOLOAD SECTION
                   00000100  [ 00000080 ] 00000100          *   vectors.obj (vectors)

.text        0     00010000  [ 00008000 ] 0000827e          *   
                   00010000  [ 00008000 ] 00002b04          *   qp5515_large.lib : qs_port.obj (.text)
                   00012b04  [ 00009582 ] 000010e1          *   cslVC5505_Lib.lib : csl_uart.obj (.text)
                   00013be5  [ 00009df2+] 00000875          *   qp5515_large.lib : qhsm_dis.obj (.text)
                   0001445a  [ 0000a22d ] 00000746          *   philo.obj (.text)
                   00014ba0  [ 0000a5d0 ] 0000068d          *   cslVC5505_Lib.lib : csl_gpio.obj (.text)
                   0001522d  [ 0000a916+] 00000554          *                     : csl_intc.obj (.text)
                   00015781  [ 0000abc0+] 00000546          *   table.obj (.text)
                   00015cc7  [ 0000ae63+] 00000471          *   bsp.obj (.text)
                   00016138  [ 0000b09c ] 00000383          *   bsp.obj (.text:retain)
                   000164bb  [ 0000b25d+] 000002ad          *   cslVC5505_Lib.lib : csl_pll.obj (.text)
                   00016768  [ 0000b3b4 ] 00000277          *   main.obj (.text)
                   000169df  [ 0000b4ef+] 00000226          *   qp5515_large.lib : qhsm_ini.obj (.text)
                   00016c05  [ 0000b602+] 000001e4          *                    : qa_get_.obj (.text)
                   00016de9  [ 0000b6f4+] 000001a1          *                    : qf_tick.obj (.text)
                   00016f8a  [ 0000b7c5 ] 00000179          *                    : qmp_init.obj (.text)
                   00017103  [ 0000b881+] 00000175          *                    : qf_act.obj (.text)
                   00017278  [ 0000b93c ] 00000157          *                    : qa_fifo.obj (.text)
                   000173cf  [ 0000b9e7+] 00000115          *                    : qf_pspub.obj (.text)
                   000174e4  [ 0000ba72 ] 00000114          *                    : qmp_get.obj (.text)
                   000175f8  [ 0000bafc ] 00000107          *                    : qk.obj (.text)
                   000176ff  [ 0000bb7f+] 000000fd          *                    : qa_sub.obj (.text)
                   000177fc  [ 0000bbfe ] 000000ee          *                    : qte_arm.obj (.text)
                   000178ea  [ 0000bc75 ] 000000ec          *                    : qf_new.obj (.text)
                   000179d6  [ 0000bceb ] 000000ea          *                    : qf_gc.obj (.text)
                   00017ac0  [ 0000bd60 ] 000000de          *                    : qmp_put.obj (.text)
                   00017b9e  [ 0000bdcf ] 000000c8          *                    : qk_mutex.obj (.text)
                   00017c66  [ 0000be33 ] 000000c3          *                    : qk_sched.obj (.text)
                   00017d29  [ 0000be94+] 000000a1          *   rts55x.lib : divul.obj (.text)
                   00017dca  [ 0000bee5 ] 00000097          *   qp5515_large.lib : qeq_init.obj (.text)
                   00017e61  [ 0000bf30+] 0000008c          *   cslVC5505_Lib.lib : csl_irqplug.obj (.text)
                   00017eed  [ 0000bf76+] 00000088          *   qp5515_large.lib : qf_pool.obj (.text)
                   00017f75  [ 0000bfba+] 00000076          *                    : qf_port.obj (.text)
                   00017feb  [ 0000bff5+] 00000072          *   rts55x.lib : remul.obj (.text)
                   0001805d  [ 0000c02e+] 00000055          *   qp5515_large.lib : qte_ctor.obj (.text)
                   000180b2  [ 0000c059 ] 0000004d          *   rts55x.lib : autoinit.obj (.text)
                   000180ff  [ 0000c07f+] 0000004b          *              : args_main.obj (.text)
                   0001814a  [ 0000c0a5 ] 0000003e          *              : exit.obj (.text)
                   00018188  [ 0000c0c4 ] 0000003c          *              : idiv.obj (.text)
                   000181c4  [ 0000c0e2 ] 00000034          *              : boot.obj (.text)
                   000181f8  [ 0000c0fc ] 0000002c          *   qp5515_large.lib : qk_port.obj (.text)
                   00018224  [ 0000c112 ] 0000002a          *   rts55x.lib : udiv.obj (.text)
                   0001824e  [ 0000c127 ] 00000012          *              : _lock.obj (.text)
                   00018260  [ 0000c130 ] 0000000e          *   qp5515_large.lib : qhsm_top.obj (.text)
                   0001826e  [ 0000c137 ] 00000008          *                    : qep.obj (.text)
                   00018276  [ 0000c13b ] 00000007          *   rts55x.lib : exit.obj (.text:CIO_breakpoint)
                   0001827d  [ 0000c13e ] 00000001          *   --HOLE-- [fill = 20]

.data        0   [ 00010000 ]  00008000          *   00000000   UNINITIALIZED

.const       0   [ 00018280 ]  0000c140          *   00000490   
                 [ 00018280 ]  0000c140          *   00000100   qp5515_large.lib : qf_log2.obj (.const:_QF_log2Lkup)
                 [ 00018480 ]  0000c240          *   00000041                    : qf_pwr2.obj (.const:_QF_div8Lkup)
                 [ 00018502 ]  0000c281          *   00000041                    : qf_pwr2.obj (.const:_QF_invPwr2Lkup)
                 [ 00018584 ]  0000c2c2          *   00000041                    : qf_pwr2.obj (.const:_QF_pwr2Lkup)
                 [ 00018606 ]  0000c303          *   00000001   bsp.obj (.const)
                 [ 00018608 ]  0000c304          *   0000001d   table.obj (.const:.string)
                 [ 00018642 ]  0000c321          *   00000014   philo.obj (.const:_obj_name__$11)
                 [ 0001866a ]  0000c335          *   00000014   philo.obj (.const:_obj_name__$3)
                 [ 00018692 ]  0000c349          *   00000014   philo.obj (.const:_obj_name__$5)
                 [ 000186ba ]  0000c35d          *   00000014   philo.obj (.const:_obj_name__$7)
                 [ 000186e2 ]  0000c371          *   00000014   philo.obj (.const:_obj_name__$9)
                 [ 0001870a ]  0000c385          *   00000013   main.obj (.const:_obj_name__$3)
                 [ 00018730 ]  0000c398          *   00000013   main.obj (.const:_obj_name__$4)
                 [ 00018756 ]  0000c3ab          *   00000013   main.obj (.const:_obj_name__$5)
                 [ 0001877c ]  0000c3be          *   00000013   main.obj (.const:_obj_name__$6)
                 [ 000187a2 ]  0000c3d1          *   00000013   main.obj (.const:_obj_name__$7)
                 [ 000187c8 ]  0000c3e4          *   00000010   philo.obj (.const:_fun_name__$13)
                 [ 000187e8 ]  0000c3f4          *   00000010   main.obj (.const:_obj_name__$2)
                 [ 00018808 ]  0000c404          *   0000000f   philo.obj (.const:_fun_name__$12)
                 [ 00018826 ]  0000c413          *   0000000f   table.obj (.const:_fun_name__$3)
                 [ 00018844 ]  0000c422          *   0000000f   table.obj (.const:_fun_name__$4)
                 [ 00018862 ]  0000c431          *   0000000e   philo.obj (.const:_fun_name__$14)
                 [ 0001887e ]  0000c43f          *   0000000e   philo.obj (.const:_fun_name__$15)
                 [ 0001889a ]  0000c44d          *   0000000e   table.obj (.const:_sig_name__$7)
                 [ 000188b6 ]  0000c45b          *   0000000d   main.obj (.const:_obj_name__$1)
                 [ 000188d0 ]  0000c468          *   0000000c   qp5515_large.lib : qep.obj (.const:_QEP_reservedEvt_)
                 [ 000188e8 ]  0000c474          *   0000000c   philo.obj (.const:_obj_name__$10)
                 [ 00018900 ]  0000c480          *   0000000c   philo.obj (.const:_obj_name__$2)
                 [ 00018918 ]  0000c48c          *   0000000c   bsp.obj (.const:_obj_name__$3)
                 [ 00018930 ]  0000c498          *   0000000c   philo.obj (.const:_obj_name__$4)
                 [ 00018948 ]  0000c4a4          *   0000000c   philo.obj (.const:_obj_name__$6)
                 [ 00018960 ]  0000c4b0          *   0000000c   philo.obj (.const:_obj_name__$8)
                 [ 00018978 ]  0000c4bc          *   0000000c   philo.obj (.const:_sig_name__$17)
                 [ 00018990 ]  0000c4c8          *   0000000b   philo.obj (.const:_l_this_file)
                 [ 000189a6 ]  0000c4d3          *   0000000b   table.obj (.const:_l_this_file)
                 [ 000189bc ]  0000c4de          *   0000000b   philo.obj (.const:_sig_name__$16)
                 [ 000189d2 ]  0000c4e9          *   0000000b   table.obj (.const:_sig_name__$8)
                 [ 000189e8 ]  0000c4f4          *   0000000a   philo.obj (.const:_AO_Philo)
                 [ 000189fc ]  0000c4fe          *   0000000a   table.obj (.const:_fun_name__$2)
                 [ 00018a10 ]  0000c508          *   00000009   bsp.obj (.const:_l_this_file)
                 [ 00018a22 ]  0000c511          *   00000009   qp5515_large.lib : qf_pspub.obj (.const:_l_this_file)
                 [ 00018a34 ]  0000c51a          *   00000009                    : qhsm_dis.obj (.const:_l_this_file)
                 [ 00018a46 ]  0000c523          *   00000009                    : qhsm_ini.obj (.const:_l_this_file)
                 [ 00018a58 ]  0000c52c          *   00000009                    : qmp_init.obj (.const:_l_this_file)
                 [ 00018a6a ]  0000c535          *   00000009                    : qte_ctor.obj (.const:_l_this_file)
                 [ 00018a7c ]  0000c53e          *   00000009   table.obj (.const:_obj_name__$1)
                 [ 00018a8e ]  0000c547          *   00000009   table.obj (.const:_sig_name__$5)
                 [ 00018aa0 ]  0000c550          *   00000008   qp5515_large.lib : qa_fifo.obj (.const:_l_this_file)
                 [ 00018ab0 ]  0000c558          *   00000008                    : qa_get_.obj (.const:_l_this_file)
                 [ 00018ac0 ]  0000c560          *   00000008                    : qf_pool.obj (.const:_l_this_file)
                 [ 00018ad0 ]  0000c568          *   00000008                    : qmp_get.obj (.const:_l_this_file)
                 [ 00018ae0 ]  0000c570          *   00000008                    : qmp_put.obj (.const:_l_this_file)
                 [ 00018af0 ]  0000c578          *   00000008                    : qte_arm.obj (.const:_l_this_file)
                 [ 00018b00 ]  0000c580          *   00000008   table.obj (.const:_sig_name__$6)
                 [ 00018b10 ]  0000c588          *   00000007   qp5515_large.lib : qa_sub.obj (.const:_l_this_file)
                 [ 00018b1e ]  0000c58f          *   00000007                    : qf_act.obj (.const:_l_this_file)
                 [ 00018b2c ]  0000c596          *   00000007                    : qf_new.obj (.const:_l_this_file)
                 [ 00018b3a ]  0000c59d          *   00000007                    : qep.obj (.const:_version$1)
                 [ 00018b48 ]  0000c5a4          *   00000007                    : qf_act.obj (.const:_version$1)
                 [ 00018b56 ]  0000c5ab          *   00000007                    : qk_port.obj (.const:_version$1)
                 [ 00018b64 ]  0000c5b2          *   00000007                    : qs_port.obj (.const:_version$1)
                 [ 00018b72 ]  0000c5b9          *   00000006                    : qf_gc.obj (.const:_l_this_file)
                 [ 00018b7e ]  0000c5bf          *   00000004   bsp.obj (.const:_$P$T0$2)
                 [ 00018b86 ]  0000c5c3          *   00000004   bsp.obj (.const:_l_userLED)
                 [ 00018b8e ]  0000c5c7          *   00000003   qp5515_large.lib : qk.obj (.const:_l_this_file)
                 [ 00018b94 ]  0000c5ca          *   00000003   bsp.obj (.const:_testEvt$1)
                 [ 00018b9a ]  0000c5cd          *   00000001   --HOLE-- [fill = 0]
                 [ 00018b9c ]  0000c5ce          *   00000002   table.obj (.const)

.bss         0   [ 00018ba0 ]  0000c5d0          *   00000420   UNINITIALIZED
                 [ 00018ba0 ]  0000c5d0          *   00000216   bsp.obj (.bss)
                 [ 00018fcc ]  0000c7e6          *   00000084   cslVC5505_Lib.lib : csl_intc.obj (.bss)
                 [ 000190d4 ]  0000c86a          *   00000083   philo.obj (.bss)
                 [ 000191da ]  0000c8ed          *   00000001   qp5515_large.lib : qf_tick.obj (.bss)
                 [ 000191dc ]  0000c8ee          *   0000006c   main.obj (.bss)
                 [ 000192b4 ]  0000c95a          *   00000038   qp5515_large.lib : qs_port.obj (.bss)
                 [ 00019324 ]  0000c992          *   0000001f                    : qf_pool.obj (.bss)
                 [ 00019362 ]  0000c9b1          *   00000001                    : qk_mutex.obj (.bss)
                 [ 00019364 ]  0000c9b2          *   00000018   table.obj (.bss)
                 [ 00019394 ]  0000c9ca          *   00000013   qp5515_large.lib : qf_act.obj (.bss)
                 [ 000193ba ]  0000c9dd          *   00000001   --HOLE--
                 [ 000193bc ]  0000c9de          *   00000004                    : qf_port.obj (.bss)
                 [ 000193c4 ]  0000c9e2          *   00000004   rts55x.lib : _lock.obj (.bss)
                 [ 000193cc ]  0000c9e6          *   00000004              : exit.obj (.bss)
                 [ 000193d4 ]  0000c9ea          *   00000003   qp5515_large.lib : qk.obj (.bss)
                 [ 000193da ]  0000c9ed          *   00000001   --HOLE--
                 [ 000193dc ]  0000c9ee          *   00000002                    : qte_arm.obj (.bss)

.stack       0   [ 000193e0 ]  0000c9f0          *   000001f4   UNINITIALIZED
                 [ 000193e0 ]  0000c9f0          *   000001f4   --HOLE--

.sysstack 
*            0   [ 000197c8 ]  0000cbe4          *   000001f4   UNINITIALIZED
                 [ 000197c8 ]  0000cbe4          *   000001f4   --HOLE--

.cinit       0   [ 00019bb0 ]  0000cdd8          *   0000001d   
                 [ 00019bb0 ]  0000cdd8          *   0000000a   rts55x.lib : _lock.obj (.cinit)
                 [ 00019bc4 ]  0000cde2          *   0000000a              : exit.obj (.cinit)
                 [ 00019bd8 ]  0000cdec          *   00000004   philo.obj (.cinit)
                 [ 00019be0 ]  0000cdf0          *   00000004   qp5515_large.lib : qk.obj (.cinit)
                 [ 00019be8 ]  0000cdf4          *   00000001   --HOLE-- [fill = 0]


GLOBAL SYMBOLS: SORTED ALPHABETICALLY BY Name 

abs. value/
byte addr   word addr   name
---------   ---------   ----
00000002                $TI_capability$C5500$CallingConvention
00000002                $TI_capability$C5500$MemoryModel
00000001                $TI_capability_requires_rev3
            0000c5d0    .bss
            00008000    .data
00010000                .text
00018277                C$$EXIT
00018188                I$$DIV
000181a7                I$$MOD
00018224                I$$UDIV
00018239                I$$UMOD
            0000c4f4    _AO_Philo
            0000c5ce    _AO_Table
00015f21                _BSP_busyDelay
00015e92                _BSP_displyPhilStat
00015ce7                _BSP_init
0001508b                _GPIO_clearInt
00014be4                _GPIO_close
00014c08                _GPIO_config
00014e3b                _GPIO_configBit
00014f83                _GPIO_disableInt
00015001                _GPIO_enableInt
00014c8d                _GPIO_getConfig
00014ba0                _GPIO_open
00014d15                _GPIO_read
0001519e                _GPIO_reset
00015117                _GPIO_statusBit
00014d98                _GPIO_write
000152c7                _IRQ_clear
00015331                _IRQ_clearAll
00015341                _IRQ_config
00015467                _IRQ_disable
000154e5                _IRQ_disableAll
000154f3                _IRQ_enable
000155ed                _IRQ_getArg
000153d4                _IRQ_getConfig
0001573b                _IRQ_globalDisable
00015754                _IRQ_globalEnable
0001576d                _IRQ_globalRestore
0001522d                _IRQ_init
00015666                _IRQ_map
00017e61                _IRQ_plug
0001557d                _IRQ_restore
00015633                _IRQ_setArg
00015698                _IRQ_setVecs
000156c9                _IRQ_test
000166ad                _PLL_bypass
0001651d                _PLL_config
00016646                _PLL_enable
000164e5                _PLL_init
000166fc                _PLL_reset
0001445a                _Philo_ctor
00014a8f                _Philo_eating
000149c5                _Philo_hungry
000144a4                _Philo_initial
000148fe                _Philo_thinking
00016c05                _QActive_get_
00017278                _QActive_postFIFO
00017642                _QActive_start
000176bc                _QActive_stop
000176ff                _QActive_subscribe
0001826e                _QEP_getVersion
            0000c468    _QEP_reservedEvt_
00017dca                _QEQueue_init
            0000c9ca    _QF_active_
0001710b                _QF_add_
            0000c240    _QF_div8Lkup
000179d6                _QF_gc
00017598                _QF_getPoolMargin
00016d81                _QF_getQueueMargin
00017103                _QF_getVersion
00017602                _QF_init
            0000c9dc    _QF_intLockNest_
            0000c281    _QF_invPwr2Lkup
            0000c140    _QF_log2Lkup
            0000c9b0    _QF_maxPool_
            0000c9de    _QF_maxSignal_
000178ea                _QF_new_
00015e3b                _QF_onCleanup
00015dfd                _QF_onStartup
00017eed                _QF_poolInit
            0000c992    _QF_pool_
00017fcb                _QF_psInit
000173cf                _QF_publish
            0000c2c2    _QF_pwr2Lkup
000171be                _QF_remove_
0001762f                _QF_run
0001760c                _QF_stop
            0000c9e0    _QF_subscrList_
00016de9                _QF_tick
            0000c9ee    _QF_timeEvtListHead_
00017fa4                _QF_zero
00013be5                _QHsm_dispatch
000169df                _QHsm_init
00018260                _QHsm_top
            0000c9b1    _QK_ceilingPrio_
            0000c9eb    _QK_currPrio_
000181f8                _QK_getPortVersion
000175f8                _QK_getVersion
00018200                _QK_init
            0000c9ec    _QK_intNest_
00017b9e                _QK_mutexLock
00017bff                _QK_mutexUnlock
00015e4b                _QK_onIdle
            0000c9ea    _QK_readySet_
000176c9                _QK_schedPrio_
00017c66                _QK_sched_
000174e4                _QMPool_get
00016f8a                _QMPool_init
00017ac0                _QMPool_put
            0000c986    _QS_aoObj_
            0000c98e    _QS_apObj_
0001014a                _QS_begin
            0000c981    _QS_chksum_
00010337                _QS_end
            0000c97c    _QS_end_
            0000c98a    _QS_eqObj_
00011abd                _QS_f32
00011f90                _QS_f64
000100e4                _QS_filterOff
0001007f                _QS_filterOn
            0000c982    _QS_full_
000116e3                _QS_getByte
00010000                _QS_getVersion
            0000c95a    _QS_glbFilter_
            0000c97d    _QS_head_
00010008                _QS_initBuf
0001175d                _QS_mem
            0000c988    _QS_mpObj_
000160cc                _QS_onCleanup
000160f3                _QS_onFlush
000160ce                _QS_onGetTime
00015ff4                _QS_onStartup
            0000c97a    _QS_ring_
            0000c980    _QS_seq_
            0000c984    _QS_smObj_
0001283c                _QS_str
000114ef                _QS_str_
000129a1                _QS_str_ROM
000115eb                _QS_str_ROM_
            0000c97e    _QS_tail_
            0000c98c    _QS_teObj_
            0000c990    _QS_tickCtr_
00010696                _QS_u16
00010f28                _QS_u16_
00010966                _QS_u32
0001110d                _QS_u32_
000104b6                _QS_u8
00010e33                _QS_u8_
            0000c97f    _QS_used_
000177fc                _QTimeEvt_arm_
0001805d                _QTimeEvt_ctor
00015f23                _Q_onAssert
0001626e                _RTC_isr
00000100                _Reset
00016138                _TINT_isr
00015781                _Table_ctor
000157ce                _Table_initial
00015a0f                _Table_serving
000130ea                _UART_config
00013421                _UART_eventDisable
00013389                _UART_eventEnable
0001375b                _UART_fgetc
0001387e                _UART_fgets
000137f9                _UART_fputc
000139ae                _UART_fputs
00013ac2                _UART_getConfig
00013a9b                _UART_getEventId
00012b89                _UART_init
000134b0                _UART_read
000132f9                _UART_reset
0001333e                _UART_resetOff
00013b7f                _UART_setCallback
00012c43                _UART_setup
000131ef                _UART_setupBaudRate
000135d9                _UART_write
00000100                _VECSTART
            0000cbe4    __STACK_END
000003e8                __STACK_SIZE
000003e8                __SYSSTACK_SIZE
00000001                __TI_args_main
ffffffff                ___binit__
            0000c5d0    ___bss__
ffffffff                ___c_args__
            0000cdd8    ___cinit__
            00008000    ___data__
            00008000    ___edata__
            0000c9f0    ___end__
0001827e                ___etext__
ffffffff                ___pinit__
00010000                ___text__
000180ff                __args_main
            0000c9e6    __cleanup_ptr
00018188                __divi
00018224                __divu
00017d29                __divul
            0000c9e8    __dtors_ptr
            0000c9e2    __lock
0001825e                __nop
00018256                __register_lock
0001824e                __register_unlock
000181a7                __remi
00018239                __remu
00017feb                __remul
            0000c9f0    __stack
            0000cbe4    __sysstack
            0000c9e4    __unlock
00018276                _abort
000180b2                _auto_init
00017f75                _bzero
000181c4                _c_int00
0001814a                _exit
000163aa                _illegal_isr
            0000c303    _l_TINT_isr
00016768                _main
ffffffff                binit
            0000cdd8    cinit
            00008000    edata
            0000c9f0    end
0001827e                etext
ffffffff                pinit


GLOBAL SYMBOLS: SORTED BY Symbol Address 

abs. value/
byte addr   word addr   name
---------   ---------   ----
00000001                $TI_capability_requires_rev3
00000001                __TI_args_main
00000002                $TI_capability$C5500$CallingConvention
00000002                $TI_capability$C5500$MemoryModel
00000100                _Reset
00000100                _VECSTART
000003e8                __STACK_SIZE
000003e8                __SYSSTACK_SIZE
            00008000    .data
00010000                .text
00010000                _QS_getVersion
            00008000    ___data__
            00008000    ___edata__
00010000                ___text__
            00008000    edata
00010008                _QS_initBuf
0001007f                _QS_filterOn
000100e4                _QS_filterOff
0001014a                _QS_begin
00010337                _QS_end
000104b6                _QS_u8
00010696                _QS_u16
00010966                _QS_u32
00010e33                _QS_u8_
00010f28                _QS_u16_
0001110d                _QS_u32_
000114ef                _QS_str_
000115eb                _QS_str_ROM_
000116e3                _QS_getByte
0001175d                _QS_mem
00011abd                _QS_f32
00011f90                _QS_f64
0001283c                _QS_str
000129a1                _QS_str_ROM
00012b89                _UART_init
00012c43                _UART_setup
000130ea                _UART_config
000131ef                _UART_setupBaudRate
000132f9                _UART_reset
0001333e                _UART_resetOff
00013389                _UART_eventEnable
00013421                _UART_eventDisable
000134b0                _UART_read
000135d9                _UART_write
0001375b                _UART_fgetc
000137f9                _UART_fputc
0001387e                _UART_fgets
000139ae                _UART_fputs
00013a9b                _UART_getEventId
00013ac2                _UART_getConfig
00013b7f                _UART_setCallback
00013be5                _QHsm_dispatch
0001445a                _Philo_ctor
000144a4                _Philo_initial
000148fe                _Philo_thinking
000149c5                _Philo_hungry
00014a8f                _Philo_eating
00014ba0                _GPIO_open
00014be4                _GPIO_close
00014c08                _GPIO_config
00014c8d                _GPIO_getConfig
00014d15                _GPIO_read
00014d98                _GPIO_write
00014e3b                _GPIO_configBit
00014f83                _GPIO_disableInt
00015001                _GPIO_enableInt
0001508b                _GPIO_clearInt
00015117                _GPIO_statusBit
0001519e                _GPIO_reset
0001522d                _IRQ_init
000152c7                _IRQ_clear
00015331                _IRQ_clearAll
00015341                _IRQ_config
000153d4                _IRQ_getConfig
00015467                _IRQ_disable
000154e5                _IRQ_disableAll
000154f3                _IRQ_enable
0001557d                _IRQ_restore
000155ed                _IRQ_getArg
00015633                _IRQ_setArg
00015666                _IRQ_map
00015698                _IRQ_setVecs
000156c9                _IRQ_test
0001573b                _IRQ_globalDisable
00015754                _IRQ_globalEnable
0001576d                _IRQ_globalRestore
00015781                _Table_ctor
000157ce                _Table_initial
00015a0f                _Table_serving
00015ce7                _BSP_init
00015dfd                _QF_onStartup
00015e3b                _QF_onCleanup
00015e4b                _QK_onIdle
00015e92                _BSP_displyPhilStat
00015f21                _BSP_busyDelay
00015f23                _Q_onAssert
00015ff4                _QS_onStartup
000160cc                _QS_onCleanup
000160ce                _QS_onGetTime
000160f3                _QS_onFlush
00016138                _TINT_isr
0001626e                _RTC_isr
000163aa                _illegal_isr
000164e5                _PLL_init
0001651d                _PLL_config
00016646                _PLL_enable
000166ad                _PLL_bypass
000166fc                _PLL_reset
00016768                _main
000169df                _QHsm_init
00016c05                _QActive_get_
00016d81                _QF_getQueueMargin
00016de9                _QF_tick
00016f8a                _QMPool_init
00017103                _QF_getVersion
0001710b                _QF_add_
000171be                _QF_remove_
00017278                _QActive_postFIFO
000173cf                _QF_publish
000174e4                _QMPool_get
00017598                _QF_getPoolMargin
000175f8                _QK_getVersion
00017602                _QF_init
0001760c                _QF_stop
0001762f                _QF_run
00017642                _QActive_start
000176bc                _QActive_stop
000176c9                _QK_schedPrio_
000176ff                _QActive_subscribe
000177fc                _QTimeEvt_arm_
000178ea                _QF_new_
000179d6                _QF_gc
00017ac0                _QMPool_put
00017b9e                _QK_mutexLock
00017bff                _QK_mutexUnlock
00017c66                _QK_sched_
00017d29                __divul
00017dca                _QEQueue_init
00017e61                _IRQ_plug
00017eed                _QF_poolInit
00017f75                _bzero
00017fa4                _QF_zero
00017fcb                _QF_psInit
00017feb                __remul
0001805d                _QTimeEvt_ctor
000180b2                _auto_init
000180ff                __args_main
0001814a                _exit
00018188                I$$DIV
00018188                __divi
000181a7                I$$MOD
000181a7                __remi
000181c4                _c_int00
000181f8                _QK_getPortVersion
00018200                _QK_init
00018224                I$$UDIV
00018224                __divu
00018239                I$$UMOD
00018239                __remu
0001824e                __register_unlock
00018256                __register_lock
0001825e                __nop
00018260                _QHsm_top
0001826e                _QEP_getVersion
00018276                _abort
00018277                C$$EXIT
0001827e                ___etext__
0001827e                etext
            0000c140    _QF_log2Lkup
            0000c240    _QF_div8Lkup
            0000c281    _QF_invPwr2Lkup
            0000c2c2    _QF_pwr2Lkup
            0000c303    _l_TINT_isr
            0000c468    _QEP_reservedEvt_
            0000c4f4    _AO_Philo
            0000c5ce    _AO_Table
            0000c5d0    .bss
            0000c5d0    ___bss__
            0000c95a    _QS_glbFilter_
            0000c97a    _QS_ring_
            0000c97c    _QS_end_
            0000c97d    _QS_head_
            0000c97e    _QS_tail_
            0000c97f    _QS_used_
            0000c980    _QS_seq_
            0000c981    _QS_chksum_
            0000c982    _QS_full_
            0000c984    _QS_smObj_
            0000c986    _QS_aoObj_
            0000c988    _QS_mpObj_
            0000c98a    _QS_eqObj_
            0000c98c    _QS_teObj_
            0000c98e    _QS_apObj_
            0000c990    _QS_tickCtr_
            0000c992    _QF_pool_
            0000c9b0    _QF_maxPool_
            0000c9b1    _QK_ceilingPrio_
            0000c9ca    _QF_active_
            0000c9dc    _QF_intLockNest_
            0000c9de    _QF_maxSignal_
            0000c9e0    _QF_subscrList_
            0000c9e2    __lock
            0000c9e4    __unlock
            0000c9e6    __cleanup_ptr
            0000c9e8    __dtors_ptr
            0000c9ea    _QK_readySet_
            0000c9eb    _QK_currPrio_
            0000c9ec    _QK_intNest_
            0000c9ee    _QF_timeEvtListHead_
            0000c9f0    ___end__
            0000c9f0    __stack
            0000c9f0    end
            0000cbe4    __STACK_END
            0000cbe4    __sysstack
            0000cdd8    ___cinit__
            0000cdd8    cinit
ffffffff                ___binit__
ffffffff                ___c_args__
ffffffff                ___pinit__
ffffffff                binit
ffffffff                pinit

[221 symbols]
